Archive member included to satisfy reference by file (symbol)

/opt/st/stm32cubeide_1.12.0/plugins/com.st.stm32cube.ide.mcu.externaltools.gnu-tools-for-stm32.10.3-2021.10.linux64_1.0.200.202301161003/tools/bin/../lib/gcc/arm-none-eabi/10.3.1/../../../../arm-none-eabi/lib/thumb/v7e-m+fp/hard/libc_nano.a(lib_a-errno.o)
                              ./Src/syscalls.o (__errno)
/opt/st/stm32cubeide_1.12.0/plugins/com.st.stm32cube.ide.mcu.externaltools.gnu-tools-for-stm32.10.3-2021.10.linux64_1.0.200.202301161003/tools/bin/../lib/gcc/arm-none-eabi/10.3.1/../../../../arm-none-eabi/lib/thumb/v7e-m+fp/hard/libc_nano.a(lib_a-exit.o)
                              /opt/st/stm32cubeide_1.12.0/plugins/com.st.stm32cube.ide.mcu.externaltools.gnu-tools-for-stm32.10.3-2021.10.linux64_1.0.200.202301161003/tools/bin/../lib/gcc/arm-none-eabi/10.3.1/../../../../arm-none-eabi/lib/thumb/v7e-m+fp/hard/crt0.o (exit)
/opt/st/stm32cubeide_1.12.0/plugins/com.st.stm32cube.ide.mcu.externaltools.gnu-tools-for-stm32.10.3-2021.10.linux64_1.0.200.202301161003/tools/bin/../lib/gcc/arm-none-eabi/10.3.1/../../../../arm-none-eabi/lib/thumb/v7e-m+fp/hard/libc_nano.a(lib_a-impure.o)
                              /opt/st/stm32cubeide_1.12.0/plugins/com.st.stm32cube.ide.mcu.externaltools.gnu-tools-for-stm32.10.3-2021.10.linux64_1.0.200.202301161003/tools/bin/../lib/gcc/arm-none-eabi/10.3.1/../../../../arm-none-eabi/lib/thumb/v7e-m+fp/hard/libc_nano.a(lib_a-exit.o) (_global_impure_ptr)
/opt/st/stm32cubeide_1.12.0/plugins/com.st.stm32cube.ide.mcu.externaltools.gnu-tools-for-stm32.10.3-2021.10.linux64_1.0.200.202301161003/tools/bin/../lib/gcc/arm-none-eabi/10.3.1/../../../../arm-none-eabi/lib/thumb/v7e-m+fp/hard/libc_nano.a(lib_a-init.o)
                              /opt/st/stm32cubeide_1.12.0/plugins/com.st.stm32cube.ide.mcu.externaltools.gnu-tools-for-stm32.10.3-2021.10.linux64_1.0.200.202301161003/tools/bin/../lib/gcc/arm-none-eabi/10.3.1/../../../../arm-none-eabi/lib/thumb/v7e-m+fp/hard/crt0.o (__libc_init_array)
/opt/st/stm32cubeide_1.12.0/plugins/com.st.stm32cube.ide.mcu.externaltools.gnu-tools-for-stm32.10.3-2021.10.linux64_1.0.200.202301161003/tools/bin/../lib/gcc/arm-none-eabi/10.3.1/../../../../arm-none-eabi/lib/thumb/v7e-m+fp/hard/libc_nano.a(lib_a-memset.o)
                              /opt/st/stm32cubeide_1.12.0/plugins/com.st.stm32cube.ide.mcu.externaltools.gnu-tools-for-stm32.10.3-2021.10.linux64_1.0.200.202301161003/tools/bin/../lib/gcc/arm-none-eabi/10.3.1/../../../../arm-none-eabi/lib/thumb/v7e-m+fp/hard/crt0.o (memset)

Discarded input sections

 .text          0x0000000000000000        0x0 /opt/st/stm32cubeide_1.12.0/plugins/com.st.stm32cube.ide.mcu.externaltools.gnu-tools-for-stm32.10.3-2021.10.linux64_1.0.200.202301161003/tools/bin/../lib/gcc/arm-none-eabi/10.3.1/thumb/v7e-m+fp/hard/crti.o
 .data          0x0000000000000000        0x0 /opt/st/stm32cubeide_1.12.0/plugins/com.st.stm32cube.ide.mcu.externaltools.gnu-tools-for-stm32.10.3-2021.10.linux64_1.0.200.202301161003/tools/bin/../lib/gcc/arm-none-eabi/10.3.1/thumb/v7e-m+fp/hard/crti.o
 .bss           0x0000000000000000        0x0 /opt/st/stm32cubeide_1.12.0/plugins/com.st.stm32cube.ide.mcu.externaltools.gnu-tools-for-stm32.10.3-2021.10.linux64_1.0.200.202301161003/tools/bin/../lib/gcc/arm-none-eabi/10.3.1/thumb/v7e-m+fp/hard/crti.o
 .data          0x0000000000000000        0x4 /opt/st/stm32cubeide_1.12.0/plugins/com.st.stm32cube.ide.mcu.externaltools.gnu-tools-for-stm32.10.3-2021.10.linux64_1.0.200.202301161003/tools/bin/../lib/gcc/arm-none-eabi/10.3.1/thumb/v7e-m+fp/hard/crtbegin.o
 .rodata        0x0000000000000000       0x24 /opt/st/stm32cubeide_1.12.0/plugins/com.st.stm32cube.ide.mcu.externaltools.gnu-tools-for-stm32.10.3-2021.10.linux64_1.0.200.202301161003/tools/bin/../lib/gcc/arm-none-eabi/10.3.1/thumb/v7e-m+fp/hard/crtbegin.o
 .text          0x0000000000000000       0x7c /opt/st/stm32cubeide_1.12.0/plugins/com.st.stm32cube.ide.mcu.externaltools.gnu-tools-for-stm32.10.3-2021.10.linux64_1.0.200.202301161003/tools/bin/../lib/gcc/arm-none-eabi/10.3.1/../../../../arm-none-eabi/lib/thumb/v7e-m+fp/hard/crt0.o
 .data          0x0000000000000000        0x0 /opt/st/stm32cubeide_1.12.0/plugins/com.st.stm32cube.ide.mcu.externaltools.gnu-tools-for-stm32.10.3-2021.10.linux64_1.0.200.202301161003/tools/bin/../lib/gcc/arm-none-eabi/10.3.1/../../../../arm-none-eabi/lib/thumb/v7e-m+fp/hard/crt0.o
 .bss           0x0000000000000000        0x0 /opt/st/stm32cubeide_1.12.0/plugins/com.st.stm32cube.ide.mcu.externaltools.gnu-tools-for-stm32.10.3-2021.10.linux64_1.0.200.202301161003/tools/bin/../lib/gcc/arm-none-eabi/10.3.1/../../../../arm-none-eabi/lib/thumb/v7e-m+fp/hard/crt0.o
 .ARM.extab     0x0000000000000000        0x0 /opt/st/stm32cubeide_1.12.0/plugins/com.st.stm32cube.ide.mcu.externaltools.gnu-tools-for-stm32.10.3-2021.10.linux64_1.0.200.202301161003/tools/bin/../lib/gcc/arm-none-eabi/10.3.1/../../../../arm-none-eabi/lib/thumb/v7e-m+fp/hard/crt0.o
[...]
Memory Configuration

Name             Origin             Length             Attributes
CCMRAM           0x0000000010000000 0x0000000000010000 xrw
RAM              0x0000000020000000 0x0000000000020000 xrw
FLASH            0x0000000008000000 0x0000000000100000 xr
*default*        0x0000000000000000 0xffffffffffffffff

Linker script and memory map

LOAD /opt/st/stm32cubeide_1.12.0/plugins/com.st.stm32cube.ide.mcu.externaltools.gnu-tools-for-stm32.10.3-2021.10.linux64_1.0.200.202301161003/tools/bin/../lib/gcc/arm-none-eabi/10.3.1/thumb/v7e-m+fp/hard/crti.o
LOAD /opt/st/stm32cubeide_1.12.0/plugins/com.st.stm32cube.ide.mcu.externaltools.gnu-tools-for-stm32.10.3-2021.10.linux64_1.0.200.202301161003/tools/bin/../lib/gcc/arm-none-eabi/10.3.1/thumb/v7e-m+fp/hard/crtbegin.o
LOAD /opt/st/stm32cubeide_1.12.0/plugins/com.st.stm32cube.ide.mcu.externaltools.gnu-tools-for-stm32.10.3-2021.10.linux64_1.0.200.202301161003/tools/bin/../lib/gcc/arm-none-eabi/10.3.1/../../../../arm-none-eabi/lib/thumb/v7e-m+fp/hard/crt0.o
LOAD ./Src/main.o
LOAD ./Src/stm32f4xx_it.o
LOAD ./Src/syscalls.o
LOAD ./Src/sysmem.o
LOAD ./Src/system_stm32f4xx.o
LOAD ./Startup/startup_stm32f407vgtx.o
LOAD ./spl/stm32f4xx_gpio.o
LOAD ./spl/stm32f4xx_rcc.o
LOAD ./spl/stm32f4xx_tim.o
START GROUP
LOAD /opt/st/stm32cubeide_1.12.0/plugins/com.st.stm32cube.ide.mcu.externaltools.gnu-tools-for-stm32.10.3-2021.10.linux64_1.0.200.202301161003/tools/bin/../lib/gcc/arm-none-eabi/10.3.1/../../../../arm-none-eabi/lib/thumb/v7e-m+fp/hard/libstdc++_nano.a
LOAD /opt/st/stm32cubeide_1.12.0/plugins/com.st.stm32cube.ide.mcu.externaltools.gnu-tools-for-stm32.10.3-2021.10.linux64_1.0.200.202301161003/tools/bin/../lib/gcc/arm-none-eabi/10.3.1/../../../../arm-none-eabi/lib/thumb/v7e-m+fp/hard/libsupc++_nano.a
END GROUP
LOAD /opt/st/stm32cubeide_1.12.0/plugins/com.st.stm32cube.ide.mcu.externaltools.gnu-tools-for-stm32.10.3-2021.10.linux64_1.0.200.202301161003/tools/bin/../lib/gcc/arm-none-eabi/10.3.1/../../../../arm-none-eabi/lib/thumb/v7e-m+fp/hard/libstdc++_nano.a
LOAD /opt/st/stm32cubeide_1.12.0/plugins/com.st.stm32cube.ide.mcu.externaltools.gnu-tools-for-stm32.10.3-2021.10.linux64_1.0.200.202301161003/tools/bin/../lib/gcc/arm-none-eabi/10.3.1/../../../../arm-none-eabi/lib/thumb/v7e-m+fp/hard/libm.a
LOAD /opt/st/stm32cubeide_1.12.0/plugins/com.st.stm32cube.ide.mcu.externaltools.gnu-tools-for-stm32.10.3-2021.10.linux64_1.0.200.202301161003/tools/bin/../lib/gcc/arm-none-eabi/10.3.1/../../../../arm-none-eabi/lib/thumb/v7e-m+fp/hard/libc_nano.a
START GROUP
LOAD /opt/st/stm32cubeide_1.12.0/plugins/com.st.stm32cube.ide.mcu.externaltools.gnu-tools-for-stm32.10.3-2021.10.linux64_1.0.200.202301161003/tools/bin/../lib/gcc/arm-none-eabi/10.3.1/thumb/v7e-m+fp/hard/libgcc.a
LOAD /opt/st/stm32cubeide_1.12.0/plugins/com.st.stm32cube.ide.mcu.externaltools.gnu-tools-for-stm32.10.3-2021.10.linux64_1.0.200.202301161003/tools/bin/../lib/gcc/arm-none-eabi/10.3.1/../../../../arm-none-eabi/lib/thumb/v7e-m+fp/hard/libc_nano.a
END GROUP
START GROUP
LOAD /opt/st/stm32cubeide_1.12.0/plugins/com.st.stm32cube.ide.mcu.externaltools.gnu-tools-for-stm32.10.3-2021.10.linux64_1.0.200.202301161003/tools/bin/../lib/gcc/arm-none-eabi/10.3.1/thumb/v7e-m+fp/hard/libgcc.a
LOAD /opt/st/stm32cubeide_1.12.0/plugins/com.st.stm32cube.ide.mcu.externaltools.gnu-tools-for-stm32.10.3-2021.10.linux64_1.0.200.202301161003/tools/bin/../lib/gcc/arm-none-eabi/10.3.1/../../../../arm-none-eabi/lib/thumb/v7e-m+fp/hard/libc_nano.a
LOAD /opt/st/stm32cubeide_1.12.0/plugins/com.st.stm32cube.ide.mcu.externaltools.gnu-tools-for-stm32.10.3-2021.10.linux64_1.0.200.202301161003/tools/bin/../lib/gcc/arm-none-eabi/10.3.1/../../../../arm-none-eabi/lib/thumb/v7e-m+fp/hard/libnosys.a
END GROUP
START GROUP
LOAD /opt/st/stm32cubeide_1.12.0/plugins/com.st.stm32cube.ide.mcu.externaltools.gnu-tools-for-stm32.10.3-2021.10.linux64_1.0.200.202301161003/tools/bin/../lib/gcc/arm-none-eabi/10.3.1/thumb/v7e-m+fp/hard/libgcc.a
LOAD /opt/st/stm32cubeide_1.12.0/plugins/com.st.stm32cube.ide.mcu.externaltools.gnu-tools-for-stm32.10.3-2021.10.linux64_1.0.200.202301161003/tools/bin/../lib/gcc/arm-none-eabi/10.3.1/../../../../arm-none-eabi/lib/thumb/v7e-m+fp/hard/libc_nano.a
LOAD /opt/st/stm32cubeide_1.12.0/plugins/com.st.stm32cube.ide.mcu.externaltools.gnu-tools-for-stm32.10.3-2021.10.linux64_1.0.200.202301161003/tools/bin/../lib/gcc/arm-none-eabi/10.3.1/../../../../arm-none-eabi/lib/thumb/v7e-m+fp/hard/libnosys.a
END GROUP
LOAD /opt/st/stm32cubeide_1.12.0/plugins/com.st.stm32cube.ide.mcu.externaltools.gnu-tools-for-stm32.10.3-2021.10.linux64_1.0.200.202301161003/tools/bin/../lib/gcc/arm-none-eabi/10.3.1/thumb/v7e-m+fp/hard/crtend.o
LOAD /opt/st/stm32cubeide_1.12.0/plugins/com.st.stm32cube.ide.mcu.externaltools.gnu-tools-for-stm32.10.3-2021.10.linux64_1.0.200.202301161003/tools/bin/../lib/gcc/arm-none-eabi/10.3.1/thumb/v7e-m+fp/hard/crtn.o
                0x0000000020020000                _estack = (ORIGIN (RAM) + LENGTH (RAM))
                0x0000000000000200                _Min_Heap_Size = 0x200
                0x0000000000000400                _Min_Stack_Size = 0x400

.isr_vector     0x0000000008000000      0x1a8
                0x0000000008000000                . = ALIGN (0x4)
 *(.isr_vector)
 .isr_vector    0x0000000008000000      0x1a8 ./Startup/startup_stm32f407vgtx.o
                0x0000000008000000                g_pfnVectors
                0x00000000080001a8                . = ALIGN (0x4)

.text           0x00000000080001a8      0x750
                0x00000000080001a8                . = ALIGN (0x4)
 *(.text)
 .text          0x00000000080001a8       0x40 /opt/st/stm32cubeide_1.12.0/plugins/com.st.stm32cube.ide.mcu.externaltools.gnu-tools-for-stm32.10.3-2021.10.linux64_1.0.200.202301161003/tools/bin/../lib/gcc/arm-none-eabi/10.3.1/thumb/v7e-m+fp/hard/crtbegin.o
 *(.text*)
 .text.main     0x00000000080001e8       0x74 ./Src/main.o
                0x00000000080001e8                main
 .text._GPIO_Init
                0x000000000800025c       0x70 ./Src/main.o
                0x000000000800025c                _GPIO_Init
 .text.Timer_Init
                0x00000000080002cc       0x38 ./Src/main.o
                0x00000000080002cc                Timer_Init
 .text.delay    0x0000000008000304       0x3c ./Src/main.o
                0x0000000008000304                delay
 .text.NMI_Handler
                0x0000000008000340        0xe ./Src/stm32f4xx_it.o
                0x0000000008000340                NMI_Handler
 .text.HardFault_Handler
                0x000000000800034e        0x6 ./Src/stm32f4xx_it.o
                0x000000000800034e                HardFault_Handler
 .text.MemManage_Handler
                0x0000000008000354        0x6 ./Src/stm32f4xx_it.o
                0x0000000008000354                MemManage_Handler
 .text.BusFault_Handler
                0x000000000800035a        0x6 ./Src/stm32f4xx_it.o
                0x000000000800035a                BusFault_Handler
 .text.UsageFault_Handler
                0x0000000008000360        0x6 ./Src/stm32f4xx_it.o
                0x0000000008000360                UsageFault_Handler
 .text.SVC_Handler
                0x0000000008000366        0xe ./Src/stm32f4xx_it.o
                0x0000000008000366                SVC_Handler
 .text.DebugMon_Handler
                0x0000000008000374        0xe ./Src/stm32f4xx_it.o
                0x0000000008000374                DebugMon_Handler
 .text.PendSV_Handler
                0x0000000008000382        0xe ./Src/stm32f4xx_it.o
                0x0000000008000382                PendSV_Handler
 .text.SysTick_Handler
                0x0000000008000390        0xe ./Src/stm32f4xx_it.o
                0x0000000008000390                SysTick_Handler
 *fill*         0x000000000800039e        0x2 
 .text.SystemInit
                0x00000000080003a0       0x6c ./Src/system_stm32f4xx.o
                0x00000000080003a0                SystemInit
 .text.SetSysClock
                0x000000000800040c       0xf8 ./Src/system_stm32f4xx.o
 .text.Reset_Handler
                0x0000000008000504       0x50 ./Startup/startup_stm32f407vgtx.o
                0x0000000008000504                Reset_Handler
 .text.Default_Handler
                0x0000000008000554        0x2 ./Startup/startup_stm32f407vgtx.o
                0x0000000008000554                RTC_Alarm_IRQHandler
                0x0000000008000554                HASH_RNG_IRQHandler
                0x0000000008000554                EXTI2_IRQHandler
                0x0000000008000554                TIM8_CC_IRQHandler
                0x0000000008000554                TIM1_CC_IRQHandler
                0x0000000008000554                DMA2_Stream5_IRQHandler
                0x0000000008000554                DMA1_Stream5_IRQHandler
                0x0000000008000554                PVD_IRQHandler
                0x0000000008000554                SDIO_IRQHandler
                0x0000000008000554                TAMP_STAMP_IRQHandler
                0x0000000008000554                CAN2_RX1_IRQHandler
                0x0000000008000554                EXTI3_IRQHandler
                0x0000000008000554                TIM8_TRG_COM_TIM14_IRQHandler
                0x0000000008000554                TIM1_UP_TIM10_IRQHandler
                0x0000000008000554                TIM8_UP_TIM13_IRQHandler
                0x0000000008000554                I2C3_ER_IRQHandler
                0x0000000008000554                LCD_TFT_IRQHandler
                0x0000000008000554                EXTI0_IRQHandler
                0x0000000008000554                I2C2_EV_IRQHandler
                0x0000000008000554                DMA1_Stream2_IRQHandler
                0x0000000008000554                CAN1_RX0_IRQHandler
                0x0000000008000554                FPU_IRQHandler
                0x0000000008000554                OTG_HS_WKUP_IRQHandler
                0x0000000008000554                CAN2_SCE_IRQHandler
                0x0000000008000554                DMA2_Stream2_IRQHandler
                0x0000000008000554                SPI1_IRQHandler
                0x0000000008000554                TIM6_DAC_IRQHandler
                0x0000000008000554                TIM1_BRK_TIM9_IRQHandler
                0x0000000008000554                DCMI_IRQHandler
                0x0000000008000554                CAN2_RX0_IRQHandler
                0x0000000008000554                DMA2_Stream3_IRQHandler
                0x0000000008000554                USART6_IRQHandler
                0x0000000008000554                USART3_IRQHandler
                0x0000000008000554                CRYP_IRQHandler
                0x0000000008000554                CAN1_RX1_IRQHandler
                0x0000000008000554                UART5_IRQHandler
                0x0000000008000554                DMA2_Stream0_IRQHandler
                0x0000000008000554                TIM4_IRQHandler
                0x0000000008000554                I2C1_EV_IRQHandler
                0x0000000008000554                DMA1_Stream6_IRQHandler
                0x0000000008000554                DMA1_Stream1_IRQHandler
                0x0000000008000554                UART4_IRQHandler
                0x0000000008000554                LCD_TFT_1_IRQHandler
                0x0000000008000554                TIM3_IRQHandler
                0x0000000008000554                RCC_IRQHandler
                0x0000000008000554                TIM8_BRK_TIM12_IRQHandler
                0x0000000008000554                Default_Handler
                0x0000000008000554                EXTI15_10_IRQHandler
                0x0000000008000554                ADC_IRQHandler
                0x0000000008000554                DMA1_Stream7_IRQHandler
                0x0000000008000554                TIM7_IRQHandler
                0x0000000008000554                CAN2_TX_IRQHandler
                0x0000000008000554                TIM5_IRQHandler
                0x0000000008000554                DMA2_Stream7_IRQHandler
                0x0000000008000554                I2C3_EV_IRQHandler
                0x0000000008000554                EXTI9_5_IRQHandler
                0x0000000008000554                RTC_WKUP_IRQHandler
                0x0000000008000554                ETH_WKUP_IRQHandler
                0x0000000008000554                SPI2_IRQHandler
                0x0000000008000554                OTG_HS_EP1_IN_IRQHandler
                0x0000000008000554                DMA1_Stream0_IRQHandler
                0x0000000008000554                CAN1_TX_IRQHandler
                0x0000000008000554                EXTI4_IRQHandler
                0x0000000008000554                FSMC_IRQHandler
                0x0000000008000554                ETH_IRQHandler
                0x0000000008000554                OTG_HS_EP1_OUT_IRQHandler
                0x0000000008000554                WWDG_IRQHandler
                0x0000000008000554                TIM2_IRQHandler
                0x0000000008000554                OTG_FS_WKUP_IRQHandler
                0x0000000008000554                TIM1_TRG_COM_TIM11_IRQHandler
                0x0000000008000554                OTG_HS_IRQHandler
                0x0000000008000554                EXTI1_IRQHandler
                0x0000000008000554                USART2_IRQHandler
                0x0000000008000554                I2C2_ER_IRQHandler
                0x0000000008000554                DMA2_Stream1_IRQHandler
                0x0000000008000554                CAN1_SCE_IRQHandler
                0x0000000008000554                DMA2_Stream4_IRQHandler
                0x0000000008000554                USART1_IRQHandler
                0x0000000008000554                OTG_FS_IRQHandler
                0x0000000008000554                SPI3_IRQHandler
                0x0000000008000554                DMA1_Stream4_IRQHandler
                0x0000000008000554                I2C1_ER_IRQHandler
                0x0000000008000554                DMA2_Stream6_IRQHandler
                0x0000000008000554                DMA1_Stream3_IRQHandler
 .text.GPIO_Init
                0x0000000008000556      0x11e ./spl/stm32f4xx_gpio.o
                0x0000000008000556                GPIO_Init
 .text.GPIO_ReadInputDataBit
                0x0000000008000674       0x34 ./spl/stm32f4xx_gpio.o
                0x0000000008000674                GPIO_ReadInputDataBit
 .text.GPIO_ToggleBits
                0x00000000080006a8       0x24 ./spl/stm32f4xx_gpio.o
                0x00000000080006a8                GPIO_ToggleBits
 .text.RCC_AHB1PeriphClockCmd
                0x00000000080006cc       0x40 ./spl/stm32f4xx_rcc.o
                0x00000000080006cc                RCC_AHB1PeriphClockCmd
 .text.RCC_APB1PeriphClockCmd
                0x000000000800070c       0x40 ./spl/stm32f4xx_rcc.o
                0x000000000800070c                RCC_APB1PeriphClockCmd
 .text.TIM_TimeBaseInit
                0x000000000800074c       0xd8 ./spl/stm32f4xx_tim.o
                0x000000000800074c                TIM_TimeBaseInit
 .text.TIM_SetCounter
                0x0000000008000824       0x1c ./spl/stm32f4xx_tim.o
                0x0000000008000824                TIM_SetCounter
 .text.TIM_GetCounter
                0x0000000008000840       0x18 ./spl/stm32f4xx_tim.o
                0x0000000008000840                TIM_GetCounter
 .text.TIM_Cmd  0x0000000008000858       0x40 ./spl/stm32f4xx_tim.o
                0x0000000008000858                TIM_Cmd
 .text.__libc_init_array
                0x0000000008000898       0x48 /opt/st/stm32cubeide_1.12.0/plugins/com.st.stm32cube.ide.mcu.externaltools.gnu-tools-for-stm32.10.3-2021.10.linux64_1.0.200.202301161003/tools/bin/../lib/gcc/arm-none-eabi/10.3.1/../../../../arm-none-eabi/lib/thumb/v7e-m+fp/hard/libc_nano.a(lib_a-init.o)
                0x0000000008000898                __libc_init_array
 *(.glue_7)
 .glue_7        0x00000000080008e0        0x0 linker stubs
 *(.glue_7t)
 .glue_7t       0x00000000080008e0        0x0 linker stubs
 *(.eh_frame)
 .eh_frame      0x00000000080008e0        0x0 /opt/st/stm32cubeide_1.12.0/plugins/com.st.stm32cube.ide.mcu.externaltools.gnu-tools-for-stm32.10.3-2021.10.linux64_1.0.200.202301161003/tools/bin/../lib/gcc/arm-none-eabi/10.3.1/thumb/v7e-m+fp/hard/crtbegin.o
 *(.init)
 .init          0x00000000080008e0        0x4 /opt/st/stm32cubeide_1.12.0/plugins/com.st.stm32cube.ide.mcu.externaltools.gnu-tools-for-stm32.10.3-2021.10.linux64_1.0.200.202301161003/tools/bin/../lib/gcc/arm-none-eabi/10.3.1/thumb/v7e-m+fp/hard/crti.o
                0x00000000080008e0                _init
 .init          0x00000000080008e4        0x8 /opt/st/stm32cubeide_1.12.0/plugins/com.st.stm32cube.ide.mcu.externaltools.gnu-tools-for-stm32.10.3-2021.10.linux64_1.0.200.202301161003/tools/bin/../lib/gcc/arm-none-eabi/10.3.1/thumb/v7e-m+fp/hard/crtn.o
 *(.fini)
 .fini          0x00000000080008ec        0x4 /opt/st/stm32cubeide_1.12.0/plugins/com.st.stm32cube.ide.mcu.externaltools.gnu-tools-for-stm32.10.3-2021.10.linux64_1.0.200.202301161003/tools/bin/../lib/gcc/arm-none-eabi/10.3.1/thumb/v7e-m+fp/hard/crti.o
                0x00000000080008ec                _fini
 .fini          0x00000000080008f0        0x8 /opt/st/stm32cubeide_1.12.0/plugins/com.st.stm32cube.ide.mcu.externaltools.gnu-tools-for-stm32.10.3-2021.10.linux64_1.0.200.202301161003/tools/bin/../lib/gcc/arm-none-eabi/10.3.1/thumb/v7e-m+fp/hard/crtn.o
                0x00000000080008f8                . = ALIGN (0x4)
                0x00000000080008f8                _etext = .

.vfp11_veneer   0x00000000080008f8        0x0
 .vfp11_veneer  0x00000000080008f8        0x0 linker stubs

.v4_bx          0x00000000080008f8        0x0
 .v4_bx         0x00000000080008f8        0x0 linker stubs

.iplt           0x00000000080008f8        0x0
 .iplt          0x00000000080008f8        0x0 /opt/st/stm32cubeide_1.12.0/plugins/com.st.stm32cube.ide.mcu.externaltools.gnu-tools-for-stm32.10.3-2021.10.linux64_1.0.200.202301161003/tools/bin/../lib/gcc/arm-none-eabi/10.3.1/thumb/v7e-m+fp/hard/crtbegin.o

.rel.dyn        0x00000000080008f8        0x0
 .rel.iplt      0x00000000080008f8        0x0 /opt/st/stm32cubeide_1.12.0/plugins/com.st.stm32cube.ide.mcu.externaltools.gnu-tools-for-stm32.10.3-2021.10.linux64_1.0.200.202301161003/tools/bin/../lib/gcc/arm-none-eabi/10.3.1/thumb/v7e-m+fp/hard/crtbegin.o

.rodata         0x00000000080008f8        0x0
                0x00000000080008f8                . = ALIGN (0x4)
 *(.rodata)
 *(.rodata*)
                0x00000000080008f8                . = ALIGN (0x4)

.ARM.extab      0x00000000080008f8        0x0
                0x00000000080008f8                . = ALIGN (0x4)
 *(.ARM.extab* .gnu.linkonce.armextab.*)
                0x00000000080008f8                . = ALIGN (0x4)

.ARM            0x00000000080008f8        0x0
                0x00000000080008f8                . = ALIGN (0x4)
                0x00000000080008f8                __exidx_start = .
 *(.ARM.exidx*)
                0x00000000080008f8                __exidx_end = .
                0x00000000080008f8                . = ALIGN (0x4)

.preinit_array  0x00000000080008f8        0x0
                0x00000000080008f8                . = ALIGN (0x4)
                0x00000000080008f8                PROVIDE (__preinit_array_start = .)
 *(.preinit_array*)
                0x00000000080008f8                PROVIDE (__preinit_array_end = .)
                0x00000000080008f8                . = ALIGN (0x4)

.init_array     0x00000000080008f8        0x4
                0x00000000080008f8                . = ALIGN (0x4)
                0x00000000080008f8                PROVIDE (__init_array_start = .)
 *(SORT_BY_NAME(.init_array.*))
 *(.init_array*)
 .init_array    0x00000000080008f8        0x4 /opt/st/stm32cubeide_1.12.0/plugins/com.st.stm32cube.ide.mcu.externaltools.gnu-tools-for-stm32.10.3-2021.10.linux64_1.0.200.202301161003/tools/bin/../lib/gcc/arm-none-eabi/10.3.1/thumb/v7e-m+fp/hard/crtbegin.o
                0x00000000080008fc                PROVIDE (__init_array_end = .)
                0x00000000080008fc                . = ALIGN (0x4)

.fini_array     0x00000000080008fc        0x4
                0x00000000080008fc                . = ALIGN (0x4)
                [!provide]                        PROVIDE (__fini_array_start = .)
 *(SORT_BY_NAME(.fini_array.*))
 *(.fini_array*)
 .fini_array    0x00000000080008fc        0x4 /opt/st/stm32cubeide_1.12.0/plugins/com.st.stm32cube.ide.mcu.externaltools.gnu-tools-for-stm32.10.3-2021.10.linux64_1.0.200.202301161003/tools/bin/../lib/gcc/arm-none-eabi/10.3.1/thumb/v7e-m+fp/hard/crtbegin.o
                [!provide]                        PROVIDE (__fini_array_end = .)
                0x0000000008000900                . = ALIGN (0x4)
                0x0000000008000900                _sidata = LOADADDR (.data)

.data           0x0000000020000000        0x8 load address 0x0000000008000900
                0x0000000020000000                . = ALIGN (0x4)
                0x0000000020000000                _sdata = .
 *(.data)
 *(.data*)
 .data.LED_D12_Port
                0x0000000020000000        0x4 ./Src/main.o
                0x0000000020000000                LED_D12_Port
 .data.User_Button_Port
                0x0000000020000004        0x4 ./Src/main.o
                0x0000000020000004                User_Button_Port
 *(.RamFunc)
 *(.RamFunc*)
                0x0000000020000008                . = ALIGN (0x4)
                0x0000000020000008                _edata = .
                0x0000000008000908                _siccmram = LOADADDR (.ccmram)

.igot.plt       0x0000000020000008        0x0 load address 0x0000000008000908
 .igot.plt      0x0000000020000008        0x0 /opt/st/stm32cubeide_1.12.0/plugins/com.st.stm32cube.ide.mcu.externaltools.gnu-tools-for-stm32.10.3-2021.10.linux64_1.0.200.202301161003/tools/bin/../lib/gcc/arm-none-eabi/10.3.1/thumb/v7e-m+fp/hard/crtbegin.o

.ccmram         0x0000000010000000        0x0 load address 0x0000000008000908
                0x0000000010000000                . = ALIGN (0x4)
                0x0000000010000000                _sccmram = .
 *(.ccmram)
 *(.ccmram*)
                0x0000000010000000                . = ALIGN (0x4)
                0x0000000010000000                _eccmram = .
                0x0000000010000000                . = ALIGN (0x4)

.bss            0x0000000020000008       0x1c
                0x0000000020000008                _sbss = .
                0x0000000020000008                __bss_start__ = _sbss
 *(.bss)
 .bss           0x0000000020000008       0x1c /opt/st/stm32cubeide_1.12.0/plugins/com.st.stm32cube.ide.mcu.externaltools.gnu-tools-for-stm32.10.3-2021.10.linux64_1.0.200.202301161003/tools/bin/../lib/gcc/arm-none-eabi/10.3.1/thumb/v7e-m+fp/hard/crtbegin.o
 *(.bss*)
 *(COMMON)
                0x0000000020000024                . = ALIGN (0x4)
                0x0000000020000024                _ebss = .
                0x0000000020000024                __bss_end__ = _ebss

._user_heap_stack
                0x0000000020000024      0x604
                0x0000000020000028                . = ALIGN (0x8)
 *fill*         0x0000000020000024        0x4 
                [!provide]                        PROVIDE (end = .)
                0x0000000020000028                PROVIDE (_end = .)
                0x0000000020000228                . = (. + _Min_Heap_Size)
 *fill*         0x0000000020000028      0x200 
                0x0000000020000628                . = (. + _Min_Stack_Size)
 *fill*         0x0000000020000228      0x400 
                0x0000000020000628                . = ALIGN (0x8)

/DISCARD/
 libc.a(*)
 libm.a(*)
 libgcc.a(*)

.ARM.attributes
                0x0000000000000000       0x30
 *(.ARM.attributes)
 .ARM.attributes
                0x0000000000000000       0x1e /opt/st/stm32cubeide_1.12.0/plugins/com.st.stm32cube.ide.mcu.externaltools.gnu-tools-for-stm32.10.3-2021.10.linux64_1.0.200.202301161003/tools/bin/../lib/gcc/arm-none-eabi/10.3.1/thumb/v7e-m+fp/hard/crti.o
 .ARM.attributes
                0x000000000000001e       0x34 /opt/st/stm32cubeide_1.12.0/plugins/com.st.stm32cube.ide.mcu.externaltools.gnu-tools-for-stm32.10.3-2021.10.linux64_1.0.200.202301161003/tools/bin/../lib/gcc/arm-none-eabi/10.3.1/thumb/v7e-m+fp/hard/crtbegin.o
 .ARM.attributes
                0x0000000000000052       0x34 ./Src/main.o
 .ARM.attributes
                0x0000000000000086       0x34 ./Src/stm32f4xx_it.o
 .ARM.attributes
                0x00000000000000ba       0x34 ./Src/system_stm32f4xx.o
 .ARM.attributes
                0x00000000000000ee       0x21 ./Startup/startup_stm32f407vgtx.o
 .ARM.attributes
                0x000000000000010f       0x34 ./spl/stm32f4xx_gpio.o
 .ARM.attributes
                0x0000000000000143       0x34 ./spl/stm32f4xx_rcc.o
 .ARM.attributes
                0x0000000000000177       0x34 ./spl/stm32f4xx_tim.o
 .ARM.attributes
                0x00000000000001ab       0x34 /opt/st/stm32cubeide_1.12.0/plugins/com.st.stm32cube.ide.mcu.externaltools.gnu-tools-for-stm32.10.3-2021.10.linux64_1.0.200.202301161003/tools/bin/../lib/gcc/arm-none-eabi/10.3.1/../../../../arm-none-eabi/lib/thumb/v7e-m+fp/hard/libc_nano.a(lib_a-init.o)
 .ARM.attributes
                0x00000000000001df       0x1e /opt/st/stm32cubeide_1.12.0/plugins/com.st.stm32cube.ide.mcu.externaltools.gnu-tools-for-stm32.10.3-2021.10.linux64_1.0.200.202301161003/tools/bin/../lib/gcc/arm-none-eabi/10.3.1/thumb/v7e-m+fp/hard/crtn.o
OUTPUT(gpio.elf elf32-littlearm)
LOAD linker stubs
LOAD /opt/st/stm32cubeide_1.12.0/plugins/com.st.stm32cube.ide.mcu.externaltools.gnu-tools-for-stm32.10.3-2021.10.linux64_1.0.200.202301161003/tools/bin/../lib/gcc/arm-none-eabi/10.3.1/../../../../arm-none-eabi/lib/thumb/v7e-m+fp/hard/libc.a
LOAD /opt/st/stm32cubeide_1.12.0/plugins/com.st.stm32cube.ide.mcu.externaltools.gnu-tools-for-stm32.10.3-2021.10.linux64_1.0.200.202301161003/tools/bin/../lib/gcc/arm-none-eabi/10.3.1/../../../../arm-none-eabi/lib/thumb/v7e-m+fp/hard/libm.a
LOAD /opt/st/stm32cubeide_1.12.0/plugins/com.st.stm32cube.ide.mcu.externaltools.gnu-tools-for-stm32.10.3-2021.10.linux64_1.0.200.202301161003/tools/bin/../lib/gcc/arm-none-eabi/10.3.1/thumb/v7e-m+fp/hard/libgcc.a

.debug_info     0x0000000000000000     0x4203
 .debug_info    0x0000000000000000      0x6f1 ./Src/main.o
 .debug_info    0x00000000000006f1      0x112 ./Src/stm32f4xx_it.o
 .debug_info    0x0000000000000803      0x642 ./Src/system_stm32f4xx.o
 .debug_info    0x0000000000000e45       0x22 ./Startup/startup_stm32f407vgtx.o
 .debug_info    0x0000000000000e67      0x672 ./spl/stm32f4xx_gpio.o
 .debug_info    0x00000000000014d9      0xf06 ./spl/stm32f4xx_rcc.o
 .debug_info    0x00000000000023df     0x1e24 ./spl/stm32f4xx_tim.o

.debug_abbrev   0x0000000000000000      0x8c5
 .debug_abbrev  0x0000000000000000      0x194 ./Src/main.o
 .debug_abbrev  0x0000000000000194       0x47 ./Src/stm32f4xx_it.o
 .debug_abbrev  0x00000000000001db      0x168 ./Src/system_stm32f4xx.o
 .debug_abbrev  0x0000000000000343       0x12 ./Startup/startup_stm32f407vgtx.o
 .debug_abbrev  0x0000000000000355      0x1df ./spl/stm32f4xx_gpio.o
 .debug_abbrev  0x0000000000000534      0x1d6 ./spl/stm32f4xx_rcc.o
 .debug_abbrev  0x000000000000070a      0x1bb ./spl/stm32f4xx_tim.o

.debug_aranges  0x0000000000000000      0x630
 .debug_aranges
                0x0000000000000000       0x38 ./Src/main.o
 .debug_aranges
                0x0000000000000038       0x60 ./Src/stm32f4xx_it.o
 .debug_aranges
                0x0000000000000098       0x30 ./Src/system_stm32f4xx.o
 .debug_aranges
                0x00000000000000c8       0x28 ./Startup/startup_stm32f407vgtx.o
 .debug_aranges
                0x00000000000000f0       0x88 ./spl/stm32f4xx_gpio.o
 .debug_aranges
                0x0000000000000178      0x1c0 ./spl/stm32f4xx_rcc.o
 .debug_aranges
                0x0000000000000338      0x2f8 ./spl/stm32f4xx_tim.o

.debug_ranges   0x0000000000000000      0x5c8
 .debug_ranges  0x0000000000000000       0x28 ./Src/main.o
 .debug_ranges  0x0000000000000028       0x50 ./Src/stm32f4xx_it.o
 .debug_ranges  0x0000000000000078       0x20 ./Src/system_stm32f4xx.o
 .debug_ranges  0x0000000000000098       0x20 ./Startup/startup_stm32f407vgtx.o
 .debug_ranges  0x00000000000000b8       0x78 ./spl/stm32f4xx_gpio.o
 .debug_ranges  0x0000000000000130      0x1b0 ./spl/stm32f4xx_rcc.o
 .debug_ranges  0x00000000000002e0      0x2e8 ./spl/stm32f4xx_tim.o

.debug_macro    0x0000000000000000    0x10a8f
 .debug_macro   0x0000000000000000      0x1b7 ./Src/main.o
 .debug_macro   0x00000000000001b7      0xa8a ./Src/main.o
 .debug_macro   0x0000000000000c41       0x65 ./Src/main.o
 .debug_macro   0x0000000000000ca6       0x3b ./Src/main.o
 .debug_macro   0x0000000000000ce1       0x22 ./Src/main.o
 .debug_macro   0x0000000000000d03       0x8e ./Src/main.o
 .debug_macro   0x0000000000000d91       0x51 ./Src/main.o
 .debug_macro   0x0000000000000de2      0x103 ./Src/main.o
 .debug_macro   0x0000000000000ee5       0x6a ./Src/main.o
 .debug_macro   0x0000000000000f4f      0x1df ./Src/main.o
 .debug_macro   0x000000000000112e       0x34 ./Src/main.o
 .debug_macro   0x0000000000001162       0x26 ./Src/main.o
 .debug_macro   0x0000000000001188      0xe43 ./Src/main.o
 .debug_macro   0x0000000000001fcb     0x91ad ./Src/main.o
 .debug_macro   0x000000000000b178      0x44f ./Src/main.o
 .debug_macro   0x000000000000b5c7       0xb2 ./Src/main.o
 .debug_macro   0x000000000000b679      0x477 ./Src/main.o
 .debug_macro   0x000000000000baf0       0xb5 ./Src/main.o
 .debug_macro   0x000000000000bba5      0x41c ./Src/main.o
 .debug_macro   0x000000000000bfc1      0x2fb ./Src/main.o
 .debug_macro   0x000000000000c2bc      0x2ba ./Src/main.o
 .debug_macro   0x000000000000c576       0x64 ./Src/main.o
 .debug_macro   0x000000000000c5da       0xee ./Src/main.o
 .debug_macro   0x000000000000c6c8      0x65f ./Src/main.o
 .debug_macro   0x000000000000cd27      0x59e ./Src/main.o
 .debug_macro   0x000000000000d2c5      0x342 ./Src/main.o
 .debug_macro   0x000000000000d607      0x36c ./Src/main.o
 .debug_macro   0x000000000000d973      0x114 ./Src/main.o
 .debug_macro   0x000000000000da87      0x73b ./Src/main.o
 .debug_macro   0x000000000000e1c2      0x223 ./Src/main.o
 .debug_macro   0x000000000000e3e5       0x34 ./Src/main.o
 .debug_macro   0x000000000000e419       0x82 ./Src/main.o
 .debug_macro   0x000000000000e49b      0x144 ./Src/main.o
 .debug_macro   0x000000000000e5df       0xc3 ./Src/main.o
 .debug_macro   0x000000000000e6a2       0x40 ./Src/main.o
 .debug_macro   0x000000000000e6e2      0x3cf ./Src/main.o
 .debug_macro   0x000000000000eab1      0x188 ./Src/main.o
 .debug_macro   0x000000000000ec39      0x149 ./Src/main.o
 .debug_macro   0x000000000000ed82      0x279 ./Src/main.o
 .debug_macro   0x000000000000effb       0x35 ./Src/main.o
 .debug_macro   0x000000000000f030      0x1c1 ./Src/stm32f4xx_it.o
 .debug_macro   0x000000000000f1f1      0x1db ./Src/system_stm32f4xx.o
 .debug_macro   0x000000000000f3cc      0x1c1 ./spl/stm32f4xx_gpio.o
 .debug_macro   0x000000000000f58d      0x2f5 ./spl/stm32f4xx_gpio.o
 .debug_macro   0x000000000000f882      0x294 ./spl/stm32f4xx_rcc.o
 .debug_macro   0x000000000000fb16      0x659 ./spl/stm32f4xx_rcc.o
 .debug_macro   0x000000000001016f      0x1eb ./spl/stm32f4xx_tim.o
 .debug_macro   0x000000000001035a      0x735 ./spl/stm32f4xx_tim.o

.debug_line     0x0000000000000000     0x4855
 .debug_line    0x0000000000000000      0x7ad ./Src/main.o
 .debug_line    0x00000000000007ad      0x7c2 ./Src/stm32f4xx_it.o
 .debug_line    0x0000000000000f6f      0x87d ./Src/system_stm32f4xx.o
 .debug_line    0x00000000000017ec       0x84 ./Startup/startup_stm32f407vgtx.o
 .debug_line    0x0000000000001870      0xa0c ./spl/stm32f4xx_gpio.o
 .debug_line    0x000000000000227c      0xfbf ./spl/stm32f4xx_rcc.o
 .debug_line    0x000000000000323b     0x161a ./spl/stm32f4xx_tim.o

.debug_str      0x0000000000000000    0x61e27
 .debug_str     0x0000000000000000    0x602c2 ./Src/main.o
                                      0x604b8 (size before relaxing)
 .debug_str     0x00000000000602c2       0xb8 ./Src/stm32f4xx_it.o
                                      0x6011b (size before relaxing)
 .debug_str     0x000000000006037a      0x21c ./Src/system_stm32f4xx.o
                                      0x6031d (size before relaxing)
 .debug_str     0x0000000000060596       0x31 ./Startup/startup_stm32f407vgtx.o
                                         0x5b (size before relaxing)
 .debug_str     0x00000000000605c7      0x162 ./spl/stm32f4xx_gpio.o
                                      0x603d0 (size before relaxing)
 .debug_str     0x0000000000060729      0xc1a ./spl/stm32f4xx_rcc.o
                                      0x60eb6 (size before relaxing)
 .debug_str     0x0000000000061343      0xae4 ./spl/stm32f4xx_tim.o
                                      0x60dce (size before relaxing)

.comment        0x0000000000000000       0x50
 .comment       0x0000000000000000       0x50 ./Src/main.o
                                         0x51 (size before relaxing)
 .comment       0x0000000000000050       0x51 ./Src/stm32f4xx_it.o
 .comment       0x0000000000000050       0x51 ./Src/system_stm32f4xx.o
 .comment       0x0000000000000050       0x51 ./spl/stm32f4xx_gpio.o
 .comment       0x0000000000000050       0x51 ./spl/stm32f4xx_rcc.o
 .comment       0x0000000000000050       0x51 ./spl/stm32f4xx_tim.o

.debug_frame    0x0000000000000000     0x1b1c
 .debug_frame   0x0000000000000000       0x98 ./Src/main.o
 .debug_frame   0x0000000000000098      0x110 ./Src/stm32f4xx_it.o
 .debug_frame   0x00000000000001a8       0x7c ./Src/system_stm32f4xx.o
 .debug_frame   0x0000000000000224      0x23c ./spl/stm32f4xx_gpio.o
 .debug_frame   0x0000000000000460      0x83c ./spl/stm32f4xx_rcc.o
 .debug_frame   0x0000000000000c9c      0xe54 ./spl/stm32f4xx_tim.o
 .debug_frame   0x0000000000001af0       0x2c /opt/st/stm32cubeide_1.12.0/plugins/com.st.stm32cube.ide.mcu.externaltools.gnu-tools-for-stm32.10.3-2021.10.linux64_1.0.200.202301161003/tools/bin/../lib/gcc/arm-none-eabi/10.3.1/../../../../arm-none-eabi/lib/thumb/v7e-m+fp/hard/libc_nano.a(lib_a-init.o)
