Archive member included to satisfy reference by file (symbol)

/opt/st/stm32cubeide_1.12.0/plugins/com.st.stm32cube.ide.mcu.externaltools.gnu-tools-for-stm32.10.3-2021.10.linux64_1.0.200.202301161003/tools/bin/../lib/gcc/arm-none-eabi/10.3.1/../../../../arm-none-eabi/lib/thumb/v7e-m+fp/hard/libc_nano.a(lib_a-errno.o)
                              ./Src/syscalls.o (__errno)
/opt/st/stm32cubeide_1.12.0/plugins/com.st.stm32cube.ide.mcu.externaltools.gnu-tools-for-stm32.10.3-2021.10.linux64_1.0.200.202301161003/tools/bin/../lib/gcc/arm-none-eabi/10.3.1/../../../../arm-none-eabi/lib/thumb/v7e-m+fp/hard/libc_nano.a(lib_a-exit.o)
                              /opt/st/stm32cubeide_1.12.0/plugins/com.st.stm32cube.ide.mcu.externaltools.gnu-tools-for-stm32.10.3-2021.10.linux64_1.0.200.202301161003/tools/bin/../lib/gcc/arm-none-eabi/10.3.1/../../../../arm-none-eabi/lib/thumb/v7e-m+fp/hard/crt0.o (exit)
/opt/st/stm32cubeide_1.12.0/plugins/com.st.stm32cube.ide.mcu.externaltools.gnu-tools-for-stm32.10.3-2021.10.linux64_1.0.200.202301161003/tools/bin/../lib/gcc/arm-none-eabi/10.3.1/../../../../arm-none-eabi/lib/thumb/v7e-m+fp/hard/libc_nano.a(lib_a-impure.o)
                              /opt/st/stm32cubeide_1.12.0/plugins/com.st.stm32cube.ide.mcu.externaltools.gnu-tools-for-stm32.10.3-2021.10.linux64_1.0.200.202301161003/tools/bin/../lib/gcc/arm-none-eabi/10.3.1/../../../../arm-none-eabi/lib/thumb/v7e-m+fp/hard/libc_nano.a(lib_a-exit.o) (_global_impure_ptr)
/opt/st/stm32cubeide_1.12.0/plugins/com.st.stm32cube.ide.mcu.externaltools.gnu-tools-for-stm32.10.3-2021.10.linux64_1.0.200.202301161003/tools/bin/../lib/gcc/arm-none-eabi/10.3.1/../../../../arm-none-eabi/lib/thumb/v7e-m+fp/hard/libc_nano.a(lib_a-init.o)
                              /opt/st/stm32cubeide_1.12.0/plugins/com.st.stm32cube.ide.mcu.externaltools.gnu-tools-for-stm32.10.3-2021.10.linux64_1.0.200.202301161003/tools/bin/../lib/gcc/arm-none-eabi/10.3.1/../../../../arm-none-eabi/lib/thumb/v7e-m+fp/hard/crt0.o (__libc_init_array)
/opt/st/stm32cubeide_1.12.0/plugins/com.st.stm32cube.ide.mcu.externaltools.gnu-tools-for-stm32.10.3-2021.10.linux64_1.0.200.202301161003/tools/bin/../lib/gcc/arm-none-eabi/10.3.1/../../../../arm-none-eabi/lib/thumb/v7e-m+fp/hard/libc_nano.a(lib_a-memset.o)
                              /opt/st/stm32cubeide_1.12.0/plugins/com.st.stm32cube.ide.mcu.externaltools.gnu-tools-for-stm32.10.3-2021.10.linux64_1.0.200.202301161003/tools/bin/../lib/gcc/arm-none-eabi/10.3.1/../../../../arm-none-eabi/lib/thumb/v7e-m+fp/hard/crt0.o (memset)

Discarded input sections

 .text          0x0000000000000000        0x0 /opt/st/stm32cubeide_1.12.0/plugins/com.st.stm32cube.ide.mcu.externaltools.gnu-tools-for-stm32.10.3-2021.10.linux64_1.0.200.202301161003/tools/bin/../lib/gcc/arm-none-eabi/10.3.1/thumb/v7e-m+fp/hard/crti.o
 .data          0x0000000000000000        0x0 /opt/st/stm32cubeide_1.12.0/plugins/com.st.stm32cube.ide.mcu.externaltools.gnu-tools-for-stm32.10.3-2021.10.linux64_1.0.200.202301161003/tools/bin/../lib/gcc/arm-none-eabi/10.3.1/thumb/v7e-m+fp/hard/crti.o
 .bss           0x0000000000000000        0x0 /opt/st/stm32cubeide_1.12.0/plugins/com.st.stm32cube.ide.mcu.externaltools.gnu-tools-for-stm32.10.3-2021.10.linux64_1.0.200.202301161003/tools/bin/../lib/gcc/arm-none-eabi/10.3.1/thumb/v7e-m+fp/hard/crti.o
 .data          0x0000000000000000        0x4 /opt/st/stm32cubeide_1.12.0/plugins/com.st.stm32cube.ide.mcu.externaltools.gnu-tools-for-stm32.10.3-2021.10.linux64_1.0.200.202301161003/tools/bin/../lib/gcc/arm-none-eabi/10.3.1/thumb/v7e-m+fp/hard/crtbegin.o
 .rodata        0x0000000000000000       0x24 /opt/st/stm32cubeide_1.12.0/plugins/com.st.stm32cube.ide.mcu.externaltools.gnu-tools-for-stm32.10.3-2021.10.linux64_1.0.200.202301161003/tools/bin/../lib/gcc/arm-none-eabi/10.3.1/thumb/v7e-m+fp/hard/crtbegin.o
 .text          0x0000000000000000       0x7c /opt/st/stm32cubeide_1.12.0/plugins/com.st.stm32cube.ide.mcu.externaltools.gnu-tools-for-stm32.10.3-2021.10.linux64_1.0.200.202301161003/tools/bin/../lib/gcc/arm-none-eabi/10.3.1/../../../../arm-none-eabi/lib/thumb/v7e-m+fp/hard/crt0.o
 .data          0x0000000000000000        0x0 /opt/st/stm32cubeide_1.12.0/plugins/com.st.stm32cube.ide.mcu.externaltools.gnu-tools-for-stm32.10.3-2021.10.linux64_1.0.200.202301161003/tools/bin/../lib/gcc/arm-none-eabi/10.3.1/../../../../arm-none-eabi/lib/thumb/v7e-m+fp/hard/crt0.o
 .bss           0x0000000000000000        0x0 /opt/st/stm32cubeide_1.12.0/plugins/com.st.stm32cube.ide.mcu.externaltools.gnu-tools-for-stm32.10.3-2021.10.linux64_1.0.200.202301161003/tools/bin/../lib/gcc/arm-none-eabi/10.3.1/../../../../arm-none-eabi/lib/thumb/v7e-m+fp/hard/crt0.o
 .ARM.extab     0x0000000000000000        0x0 /opt/st/stm32cubeide_1.12.0/plugins/com.st.stm32cube.ide.mcu.externaltools.gnu-tools-for-stm32.10.3-2021.10.linux64_1.0.200.202301161003/tools/bin/../lib/gcc/arm-none-eabi/10.3.1/../../../../arm-none-eabi/lib/thumb/v7e-m+fp/hard/crt0.o
[...]
Memory Configuration

Name             Origin             Length             Attributes
CCMRAM           0x0000000010000000 0x0000000000010000 xrw
RAM              0x0000000020000000 0x0000000000020000 xrw
FLASH            0x0000000008000000 0x0000000000100000 xr
*default*        0x0000000000000000 0xffffffffffffffff

Linker script and memory map

LOAD /opt/st/stm32cubeide_1.12.0/plugins/com.st.stm32cube.ide.mcu.externaltools.gnu-tools-for-stm32.10.3-2021.10.linux64_1.0.200.202301161003/tools/bin/../lib/gcc/arm-none-eabi/10.3.1/thumb/v7e-m+fp/hard/crti.o
LOAD /opt/st/stm32cubeide_1.12.0/plugins/com.st.stm32cube.ide.mcu.externaltools.gnu-tools-for-stm32.10.3-2021.10.linux64_1.0.200.202301161003/tools/bin/../lib/gcc/arm-none-eabi/10.3.1/thumb/v7e-m+fp/hard/crtbegin.o
LOAD /opt/st/stm32cubeide_1.12.0/plugins/com.st.stm32cube.ide.mcu.externaltools.gnu-tools-for-stm32.10.3-2021.10.linux64_1.0.200.202301161003/tools/bin/../lib/gcc/arm-none-eabi/10.3.1/../../../../arm-none-eabi/lib/thumb/v7e-m+fp/hard/crt0.o
LOAD ./Src/main.o
LOAD ./Src/stm32f4xx_it.o
LOAD ./Src/syscalls.o
LOAD ./Src/sysmem.o
LOAD ./Src/system_stm32f4xx.o
LOAD ./Startup/startup_stm32f407vgtx.o
LOAD ./spl/stm32f4xx_gpio.o
LOAD ./spl/stm32f4xx_rcc.o
LOAD ./spl/stm32f4xx_tim.o
START GROUP
LOAD /opt/st/stm32cubeide_1.12.0/plugins/com.st.stm32cube.ide.mcu.externaltools.gnu-tools-for-stm32.10.3-2021.10.linux64_1.0.200.202301161003/tools/bin/../lib/gcc/arm-none-eabi/10.3.1/../../../../arm-none-eabi/lib/thumb/v7e-m+fp/hard/libstdc++_nano.a
LOAD /opt/st/stm32cubeide_1.12.0/plugins/com.st.stm32cube.ide.mcu.externaltools.gnu-tools-for-stm32.10.3-2021.10.linux64_1.0.200.202301161003/tools/bin/../lib/gcc/arm-none-eabi/10.3.1/../../../../arm-none-eabi/lib/thumb/v7e-m+fp/hard/libsupc++_nano.a
END GROUP
LOAD /opt/st/stm32cubeide_1.12.0/plugins/com.st.stm32cube.ide.mcu.externaltools.gnu-tools-for-stm32.10.3-2021.10.linux64_1.0.200.202301161003/tools/bin/../lib/gcc/arm-none-eabi/10.3.1/../../../../arm-none-eabi/lib/thumb/v7e-m+fp/hard/libstdc++_nano.a
LOAD /opt/st/stm32cubeide_1.12.0/plugins/com.st.stm32cube.ide.mcu.externaltools.gnu-tools-for-stm32.10.3-2021.10.linux64_1.0.200.202301161003/tools/bin/../lib/gcc/arm-none-eabi/10.3.1/../../../../arm-none-eabi/lib/thumb/v7e-m+fp/hard/libm.a
LOAD /opt/st/stm32cubeide_1.12.0/plugins/com.st.stm32cube.ide.mcu.externaltools.gnu-tools-for-stm32.10.3-2021.10.linux64_1.0.200.202301161003/tools/bin/../lib/gcc/arm-none-eabi/10.3.1/../../../../arm-none-eabi/lib/thumb/v7e-m+fp/hard/libc_nano.a
START GROUP
LOAD /opt/st/stm32cubeide_1.12.0/plugins/com.st.stm32cube.ide.mcu.externaltools.gnu-tools-for-stm32.10.3-2021.10.linux64_1.0.200.202301161003/tools/bin/../lib/gcc/arm-none-eabi/10.3.1/thumb/v7e-m+fp/hard/libgcc.a
LOAD /opt/st/stm32cubeide_1.12.0/plugins/com.st.stm32cube.ide.mcu.externaltools.gnu-tools-for-stm32.10.3-2021.10.linux64_1.0.200.202301161003/tools/bin/../lib/gcc/arm-none-eabi/10.3.1/../../../../arm-none-eabi/lib/thumb/v7e-m+fp/hard/libc_nano.a
END GROUP
START GROUP
LOAD /opt/st/stm32cubeide_1.12.0/plugins/com.st.stm32cube.ide.mcu.externaltools.gnu-tools-for-stm32.10.3-2021.10.linux64_1.0.200.202301161003/tools/bin/../lib/gcc/arm-none-eabi/10.3.1/thumb/v7e-m+fp/hard/libgcc.a
LOAD /opt/st/stm32cubeide_1.12.0/plugins/com.st.stm32cube.ide.mcu.externaltools.gnu-tools-for-stm32.10.3-2021.10.linux64_1.0.200.202301161003/tools/bin/../lib/gcc/arm-none-eabi/10.3.1/../../../../arm-none-eabi/lib/thumb/v7e-m+fp/hard/libc_nano.a
LOAD /opt/st/stm32cubeide_1.12.0/plugins/com.st.stm32cube.ide.mcu.externaltools.gnu-tools-for-stm32.10.3-2021.10.linux64_1.0.200.202301161003/tools/bin/../lib/gcc/arm-none-eabi/10.3.1/../../../../arm-none-eabi/lib/thumb/v7e-m+fp/hard/libnosys.a
END GROUP
START GROUP
LOAD /opt/st/stm32cubeide_1.12.0/plugins/com.st.stm32cube.ide.mcu.externaltools.gnu-tools-for-stm32.10.3-2021.10.linux64_1.0.200.202301161003/tools/bin/../lib/gcc/arm-none-eabi/10.3.1/thumb/v7e-m+fp/hard/libgcc.a
LOAD /opt/st/stm32cubeide_1.12.0/plugins/com.st.stm32cube.ide.mcu.externaltools.gnu-tools-for-stm32.10.3-2021.10.linux64_1.0.200.202301161003/tools/bin/../lib/gcc/arm-none-eabi/10.3.1/../../../../arm-none-eabi/lib/thumb/v7e-m+fp/hard/libc_nano.a
LOAD /opt/st/stm32cubeide_1.12.0/plugins/com.st.stm32cube.ide.mcu.externaltools.gnu-tools-for-stm32.10.3-2021.10.linux64_1.0.200.202301161003/tools/bin/../lib/gcc/arm-none-eabi/10.3.1/../../../../arm-none-eabi/lib/thumb/v7e-m+fp/hard/libnosys.a
END GROUP
LOAD /opt/st/stm32cubeide_1.12.0/plugins/com.st.stm32cube.ide.mcu.externaltools.gnu-tools-for-stm32.10.3-2021.10.linux64_1.0.200.202301161003/tools/bin/../lib/gcc/arm-none-eabi/10.3.1/thumb/v7e-m+fp/hard/crtend.o
LOAD /opt/st/stm32cubeide_1.12.0/plugins/com.st.stm32cube.ide.mcu.externaltools.gnu-tools-for-stm32.10.3-2021.10.linux64_1.0.200.202301161003/tools/bin/../lib/gcc/arm-none-eabi/10.3.1/thumb/v7e-m+fp/hard/crtn.o
                0x0000000020020000                _estack = (ORIGIN (RAM) + LENGTH (RAM))
                0x0000000000000200                _Min_Heap_Size = 0x200
                0x0000000000000400                _Min_Stack_Size = 0x400

.isr_vector     0x0000000008000000      0x1a8
                0x0000000008000000                . = ALIGN (0x4)
 *(.isr_vector)
 .isr_vector    0x0000000008000000      0x1a8 ./Startup/startup_stm32f407vgtx.o
                0x0000000008000000                g_pfnVectors
                0x00000000080001a8                . = ALIGN (0x4)

.text           0x00000000080001a8      0x414
                0x00000000080001a8                . = ALIGN (0x4)
 *(.text)
 .text          0x00000000080001a8       0x40 /opt/st/stm32cubeide_1.12.0/plugins/com.st.stm32cube.ide.mcu.externaltools.gnu-tools-for-stm32.10.3-2021.10.linux64_1.0.200.202301161003/tools/bin/../lib/gcc/arm-none-eabi/10.3.1/thumb/v7e-m+fp/hard/crtbegin.o
 *(.text*)
 .text.main     0x00000000080001e8       0x50 ./Src/main.o
                0x00000000080001e8                main
 .text._GPIO_Init
                0x0000000008000238       0x70 ./Src/main.o
                0x0000000008000238                _GPIO_Init
 .text.Timer_Init
                0x00000000080002a8       0x60 ./Src/main.o
                0x00000000080002a8                Timer_Init
 .text.delay    0x0000000008000308       0x3c ./Src/main.o
                0x0000000008000308                delay
 .text.NMI_Handler
                0x0000000008000344        0xe ./Src/stm32f4xx_it.o
                0x0000000008000344                NMI_Handler
 .text.HardFault_Handler
                0x0000000008000352        0x6 ./Src/stm32f4xx_it.o
                0x0000000008000352                HardFault_Handler
 .text.MemManage_Handler
                0x0000000008000358        0x6 ./Src/stm32f4xx_it.o
                0x0000000008000358                MemManage_Handler
 .text.BusFault_Handler
                0x000000000800035e        0x6 ./Src/stm32f4xx_it.o
                0x000000000800035e                BusFault_Handler
 .text.UsageFault_Handler
                0x0000000008000364        0x6 ./Src/stm32f4xx_it.o
                0x0000000008000364                UsageFault_Handler
 .text.SVC_Handler
                0x000000000800036a        0xe ./Src/stm32f4xx_it.o
                0x000000000800036a                SVC_Handler
 .text.DebugMon_Handler
                0x0000000008000378        0xe ./Src/stm32f4xx_it.o
                0x0000000008000378                DebugMon_Handler
 .text.PendSV_Handler
                0x0000000008000386        0xe ./Src/stm32f4xx_it.o
                0x0000000008000386                PendSV_Handler
 .text.SysTick_Handler
                0x0000000008000394        0xe ./Src/stm32f4xx_it.o
                0x0000000008000394                SysTick_Handler
 *fill*         0x00000000080003a2        0x2 
 .text.SystemInit
                0x00000000080003a4       0x6c ./Src/system_stm32f4xx.o
                0x00000000080003a4                SystemInit
 .text.SetSysClock
                0x0000000008000410       0xf8 ./Src/system_stm32f4xx.o
 .text.Reset_Handler
                0x0000000008000508       0x50 ./Startup/startup_stm32f407vgtx.o
                0x0000000008000508                Reset_Handler
 .text.Default_Handler
                0x0000000008000558        0x2 ./Startup/startup_stm32f407vgtx.o
                0x0000000008000558                RTC_Alarm_IRQHandler
                0x0000000008000558                HASH_RNG_IRQHandler
                0x0000000008000558                EXTI2_IRQHandler
                0x0000000008000558                TIM8_CC_IRQHandler
                0x0000000008000558                TIM1_CC_IRQHandler
                0x0000000008000558                DMA2_Stream5_IRQHandler
                0x0000000008000558                DMA1_Stream5_IRQHandler
                0x0000000008000558                PVD_IRQHandler
                0x0000000008000558                SDIO_IRQHandler
                0x0000000008000558                TAMP_STAMP_IRQHandler
                0x0000000008000558                CAN2_RX1_IRQHandler
                0x0000000008000558                EXTI3_IRQHandler
                0x0000000008000558                TIM8_TRG_COM_TIM14_IRQHandler
                0x0000000008000558                TIM1_UP_TIM10_IRQHandler
                0x0000000008000558                TIM8_UP_TIM13_IRQHandler
                0x0000000008000558                I2C3_ER_IRQHandler
                0x0000000008000558                LCD_TFT_IRQHandler
                0x0000000008000558                EXTI0_IRQHandler
                0x0000000008000558                I2C2_EV_IRQHandler
                0x0000000008000558                DMA1_Stream2_IRQHandler
                0x0000000008000558                CAN1_RX0_IRQHandler
                0x0000000008000558                FPU_IRQHandler
                0x0000000008000558                OTG_HS_WKUP_IRQHandler
                0x0000000008000558                CAN2_SCE_IRQHandler
                0x0000000008000558                DMA2_Stream2_IRQHandler
                0x0000000008000558                SPI1_IRQHandler
                0x0000000008000558                TIM6_DAC_IRQHandler
                0x0000000008000558                TIM1_BRK_TIM9_IRQHandler
                0x0000000008000558                DCMI_IRQHandler
                0x0000000008000558                CAN2_RX0_IRQHandler
                0x0000000008000558                DMA2_Stream3_IRQHandler
                0x0000000008000558                USART6_IRQHandler
                0x0000000008000558                USART3_IRQHandler
                0x0000000008000558                CRYP_IRQHandler
                0x0000000008000558                CAN1_RX1_IRQHandler
                0x0000000008000558                UART5_IRQHandler
                0x0000000008000558                DMA2_Stream0_IRQHandler
                0x0000000008000558                TIM4_IRQHandler
                0x0000000008000558                I2C1_EV_IRQHandler
                0x0000000008000558                DMA1_Stream6_IRQHandler
                0x0000000008000558                DMA1_Stream1_IRQHandler
                0x0000000008000558                UART4_IRQHandler
                0x0000000008000558                LCD_TFT_1_IRQHandler
                0x0000000008000558                TIM3_IRQHandler
                0x0000000008000558                RCC_IRQHandler
                0x0000000008000558                TIM8_BRK_TIM12_IRQHandler
                0x0000000008000558                Default_Handler
                0x0000000008000558                EXTI15_10_IRQHandler
                0x0000000008000558                ADC_IRQHandler
                0x0000000008000558                DMA1_Stream7_IRQHandler
                0x0000000008000558                TIM7_IRQHandler
                0x0000000008000558                CAN2_TX_IRQHandler
                0x0000000008000558                TIM5_IRQHandler
                0x0000000008000558                DMA2_Stream7_IRQHandler
                0x0000000008000558                I2C3_EV_IRQHandler
                0x0000000008000558                EXTI9_5_IRQHandler
                0x0000000008000558                RTC_WKUP_IRQHandler
                0x0000000008000558                ETH_WKUP_IRQHandler
                0x0000000008000558                SPI2_IRQHandler
                0x0000000008000558                OTG_HS_EP1_IN_IRQHandler
                0x0000000008000558                DMA1_Stream0_IRQHandler
                0x0000000008000558                CAN1_TX_IRQHandler
                0x0000000008000558                EXTI4_IRQHandler
                0x0000000008000558                FSMC_IRQHandler
                0x0000000008000558                ETH_IRQHandler
                0x0000000008000558                OTG_HS_EP1_OUT_IRQHandler
                0x0000000008000558                WWDG_IRQHandler
                0x0000000008000558                TIM2_IRQHandler
                0x0000000008000558                OTG_FS_WKUP_IRQHandler
                0x0000000008000558                TIM1_TRG_COM_TIM11_IRQHandler
                0x0000000008000558                OTG_HS_IRQHandler
                0x0000000008000558                EXTI1_IRQHandler
                0x0000000008000558                USART2_IRQHandler
                0x0000000008000558                I2C2_ER_IRQHandler
                0x0000000008000558                DMA2_Stream1_IRQHandler
                0x0000000008000558                CAN1_SCE_IRQHandler
                0x0000000008000558                DMA2_Stream4_IRQHandler
                0x0000000008000558                USART1_IRQHandler
                0x0000000008000558                OTG_FS_IRQHandler
                0x0000000008000558                SPI3_IRQHandler
                0x0000000008000558                DMA1_Stream4_IRQHandler
                0x0000000008000558                I2C1_ER_IRQHandler
                0x0000000008000558                DMA2_Stream6_IRQHandler
                0x0000000008000558                DMA1_Stream3_IRQHandler
 *fill*         0x000000000800055a        0x2 
 .text.__libc_init_array
                0x000000000800055c       0x48 /opt/st/stm32cubeide_1.12.0/plugins/com.st.stm32cube.ide.mcu.externaltools.gnu-tools-for-stm32.10.3-2021.10.linux64_1.0.200.202301161003/tools/bin/../lib/gcc/arm-none-eabi/10.3.1/../../../../arm-none-eabi/lib/thumb/v7e-m+fp/hard/libc_nano.a(lib_a-init.o)
                0x000000000800055c                __libc_init_array
 *(.glue_7)
 .glue_7        0x00000000080005a4        0x0 linker stubs
 *(.glue_7t)
 .glue_7t       0x00000000080005a4        0x0 linker stubs
 *(.eh_frame)
 .eh_frame      0x00000000080005a4        0x0 /opt/st/stm32cubeide_1.12.0/plugins/com.st.stm32cube.ide.mcu.externaltools.gnu-tools-for-stm32.10.3-2021.10.linux64_1.0.200.202301161003/tools/bin/../lib/gcc/arm-none-eabi/10.3.1/thumb/v7e-m+fp/hard/crtbegin.o
 *(.init)
 .init          0x00000000080005a4        0x4 /opt/st/stm32cubeide_1.12.0/plugins/com.st.stm32cube.ide.mcu.externaltools.gnu-tools-for-stm32.10.3-2021.10.linux64_1.0.200.202301161003/tools/bin/../lib/gcc/arm-none-eabi/10.3.1/thumb/v7e-m+fp/hard/crti.o
                0x00000000080005a4                _init
 .init          0x00000000080005a8        0x8 /opt/st/stm32cubeide_1.12.0/plugins/com.st.stm32cube.ide.mcu.externaltools.gnu-tools-for-stm32.10.3-2021.10.linux64_1.0.200.202301161003/tools/bin/../lib/gcc/arm-none-eabi/10.3.1/thumb/v7e-m+fp/hard/crtn.o
 *(.fini)
 .fini          0x00000000080005b0        0x4 /opt/st/stm32cubeide_1.12.0/plugins/com.st.stm32cube.ide.mcu.externaltools.gnu-tools-for-stm32.10.3-2021.10.linux64_1.0.200.202301161003/tools/bin/../lib/gcc/arm-none-eabi/10.3.1/thumb/v7e-m+fp/hard/crti.o
                0x00000000080005b0                _fini
 .fini          0x00000000080005b4        0x8 /opt/st/stm32cubeide_1.12.0/plugins/com.st.stm32cube.ide.mcu.externaltools.gnu-tools-for-stm32.10.3-2021.10.linux64_1.0.200.202301161003/tools/bin/../lib/gcc/arm-none-eabi/10.3.1/thumb/v7e-m+fp/hard/crtn.o
                0x00000000080005bc                . = ALIGN (0x4)
                0x00000000080005bc                _etext = .

.vfp11_veneer   0x00000000080005bc        0x0
 .vfp11_veneer  0x00000000080005bc        0x0 linker stubs

.v4_bx          0x00000000080005bc        0x0
 .v4_bx         0x00000000080005bc        0x0 linker stubs

.iplt           0x00000000080005bc        0x0
 .iplt          0x00000000080005bc        0x0 /opt/st/stm32cubeide_1.12.0/plugins/com.st.stm32cube.ide.mcu.externaltools.gnu-tools-for-stm32.10.3-2021.10.linux64_1.0.200.202301161003/tools/bin/../lib/gcc/arm-none-eabi/10.3.1/thumb/v7e-m+fp/hard/crtbegin.o

.rel.dyn        0x00000000080005bc        0x0
 .rel.iplt      0x00000000080005bc        0x0 /opt/st/stm32cubeide_1.12.0/plugins/com.st.stm32cube.ide.mcu.externaltools.gnu-tools-for-stm32.10.3-2021.10.linux64_1.0.200.202301161003/tools/bin/../lib/gcc/arm-none-eabi/10.3.1/thumb/v7e-m+fp/hard/crtbegin.o

.rodata         0x00000000080005bc        0x0
                0x00000000080005bc                . = ALIGN (0x4)
 *(.rodata)
 *(.rodata*)
                0x00000000080005bc                . = ALIGN (0x4)

.ARM.extab      0x00000000080005bc        0x0
                0x00000000080005bc                . = ALIGN (0x4)
 *(.ARM.extab* .gnu.linkonce.armextab.*)
                0x00000000080005bc                . = ALIGN (0x4)

.ARM            0x00000000080005bc        0x0
                0x00000000080005bc                . = ALIGN (0x4)
                0x00000000080005bc                __exidx_start = .
 *(.ARM.exidx*)
                0x00000000080005bc                __exidx_end = .
                0x00000000080005bc                . = ALIGN (0x4)

.preinit_array  0x00000000080005bc        0x0
                0x00000000080005bc                . = ALIGN (0x4)
                0x00000000080005bc                PROVIDE (__preinit_array_start = .)
 *(.preinit_array*)
                0x00000000080005bc                PROVIDE (__preinit_array_end = .)
                0x00000000080005bc                . = ALIGN (0x4)

.init_array     0x00000000080005bc        0x4
                0x00000000080005bc                . = ALIGN (0x4)
                0x00000000080005bc                PROVIDE (__init_array_start = .)
 *(SORT_BY_NAME(.init_array.*))
 *(.init_array*)
 .init_array    0x00000000080005bc        0x4 /opt/st/stm32cubeide_1.12.0/plugins/com.st.stm32cube.ide.mcu.externaltools.gnu-tools-for-stm32.10.3-2021.10.linux64_1.0.200.202301161003/tools/bin/../lib/gcc/arm-none-eabi/10.3.1/thumb/v7e-m+fp/hard/crtbegin.o
                0x00000000080005c0                PROVIDE (__init_array_end = .)
                0x00000000080005c0                . = ALIGN (0x4)

.fini_array     0x00000000080005c0        0x4
                0x00000000080005c0                . = ALIGN (0x4)
                [!provide]                        PROVIDE (__fini_array_start = .)
 *(SORT_BY_NAME(.fini_array.*))
 *(.fini_array*)
 .fini_array    0x00000000080005c0        0x4 /opt/st/stm32cubeide_1.12.0/plugins/com.st.stm32cube.ide.mcu.externaltools.gnu-tools-for-stm32.10.3-2021.10.linux64_1.0.200.202301161003/tools/bin/../lib/gcc/arm-none-eabi/10.3.1/thumb/v7e-m+fp/hard/crtbegin.o
                [!provide]                        PROVIDE (__fini_array_end = .)
                0x00000000080005c4                . = ALIGN (0x4)
                0x00000000080005c4                _sidata = LOADADDR (.data)

.data           0x0000000020000000        0x0 load address 0x00000000080005c4
                0x0000000020000000                . = ALIGN (0x4)
                0x0000000020000000                _sdata = .
 *(.data)
 *(.data*)
 *(.RamFunc)
 *(.RamFunc*)
                0x0000000020000000                . = ALIGN (0x4)
                0x0000000020000000                _edata = .
                0x00000000080005c4                _siccmram = LOADADDR (.ccmram)

.igot.plt       0x0000000020000000        0x0 load address 0x00000000080005c4
 .igot.plt      0x0000000020000000        0x0 /opt/st/stm32cubeide_1.12.0/plugins/com.st.stm32cube.ide.mcu.externaltools.gnu-tools-for-stm32.10.3-2021.10.linux64_1.0.200.202301161003/tools/bin/../lib/gcc/arm-none-eabi/10.3.1/thumb/v7e-m+fp/hard/crtbegin.o

.ccmram         0x0000000010000000        0x0 load address 0x00000000080005c4
                0x0000000010000000                . = ALIGN (0x4)
                0x0000000010000000                _sccmram = .
 *(.ccmram)
 *(.ccmram*)
                0x0000000010000000                . = ALIGN (0x4)
                0x0000000010000000                _eccmram = .
                0x0000000010000000                . = ALIGN (0x4)

.bss            0x0000000020000000       0x1c
                0x0000000020000000                _sbss = .
                0x0000000020000000                __bss_start__ = _sbss
 *(.bss)
 .bss           0x0000000020000000       0x1c /opt/st/stm32cubeide_1.12.0/plugins/com.st.stm32cube.ide.mcu.externaltools.gnu-tools-for-stm32.10.3-2021.10.linux64_1.0.200.202301161003/tools/bin/../lib/gcc/arm-none-eabi/10.3.1/thumb/v7e-m+fp/hard/crtbegin.o
 *(.bss*)
 *(COMMON)
                0x000000002000001c                . = ALIGN (0x4)
                0x000000002000001c                _ebss = .
                0x000000002000001c                __bss_end__ = _ebss

._user_heap_stack
                0x000000002000001c      0x604
                0x0000000020000020                . = ALIGN (0x8)
 *fill*         0x000000002000001c        0x4 
                [!provide]                        PROVIDE (end = .)
                0x0000000020000020                PROVIDE (_end = .)
                0x0000000020000220                . = (. + _Min_Heap_Size)
 *fill*         0x0000000020000020      0x200 
                0x0000000020000620                . = (. + _Min_Stack_Size)
 *fill*         0x0000000020000220      0x400 
                0x0000000020000620                . = ALIGN (0x8)

/DISCARD/
 libc.a(*)
 libm.a(*)
 libgcc.a(*)

.ARM.attributes
                0x0000000000000000       0x30
 *(.ARM.attributes)
 .ARM.attributes
                0x0000000000000000       0x1e /opt/st/stm32cubeide_1.12.0/plugins/com.st.stm32cube.ide.mcu.externaltools.gnu-tools-for-stm32.10.3-2021.10.linux64_1.0.200.202301161003/tools/bin/../lib/gcc/arm-none-eabi/10.3.1/thumb/v7e-m+fp/hard/crti.o
 .ARM.attributes
                0x000000000000001e       0x34 /opt/st/stm32cubeide_1.12.0/plugins/com.st.stm32cube.ide.mcu.externaltools.gnu-tools-for-stm32.10.3-2021.10.linux64_1.0.200.202301161003/tools/bin/../lib/gcc/arm-none-eabi/10.3.1/thumb/v7e-m+fp/hard/crtbegin.o
 .ARM.attributes
                0x0000000000000052       0x34 ./Src/main.o
 .ARM.attributes
                0x0000000000000086       0x34 ./Src/stm32f4xx_it.o
 .ARM.attributes
                0x00000000000000ba       0x34 ./Src/system_stm32f4xx.o
 .ARM.attributes
                0x00000000000000ee       0x21 ./Startup/startup_stm32f407vgtx.o
 .ARM.attributes
                0x000000000000010f       0x34 /opt/st/stm32cubeide_1.12.0/plugins/com.st.stm32cube.ide.mcu.externaltools.gnu-tools-for-stm32.10.3-2021.10.linux64_1.0.200.202301161003/tools/bin/../lib/gcc/arm-none-eabi/10.3.1/../../../../arm-none-eabi/lib/thumb/v7e-m+fp/hard/libc_nano.a(lib_a-init.o)
 .ARM.attributes
                0x0000000000000143       0x1e /opt/st/stm32cubeide_1.12.0/plugins/com.st.stm32cube.ide.mcu.externaltools.gnu-tools-for-stm32.10.3-2021.10.linux64_1.0.200.202301161003/tools/bin/../lib/gcc/arm-none-eabi/10.3.1/thumb/v7e-m+fp/hard/crtn.o
OUTPUT(gpio.elf elf32-littlearm)
LOAD linker stubs
LOAD /opt/st/stm32cubeide_1.12.0/plugins/com.st.stm32cube.ide.mcu.externaltools.gnu-tools-for-stm32.10.3-2021.10.linux64_1.0.200.202301161003/tools/bin/../lib/gcc/arm-none-eabi/10.3.1/../../../../arm-none-eabi/lib/thumb/v7e-m+fp/hard/libc.a
LOAD /opt/st/stm32cubeide_1.12.0/plugins/com.st.stm32cube.ide.mcu.externaltools.gnu-tools-for-stm32.10.3-2021.10.linux64_1.0.200.202301161003/tools/bin/../lib/gcc/arm-none-eabi/10.3.1/../../../../arm-none-eabi/lib/thumb/v7e-m+fp/hard/libm.a
LOAD /opt/st/stm32cubeide_1.12.0/plugins/com.st.stm32cube.ide.mcu.externaltools.gnu-tools-for-stm32.10.3-2021.10.linux64_1.0.200.202301161003/tools/bin/../lib/gcc/arm-none-eabi/10.3.1/thumb/v7e-m+fp/hard/libgcc.a

.debug_info     0x0000000000000000      0xd4a
 .debug_info    0x0000000000000000      0x5d4 ./Src/main.o
 .debug_info    0x00000000000005d4      0x112 ./Src/stm32f4xx_it.o
 .debug_info    0x00000000000006e6      0x642 ./Src/system_stm32f4xx.o
 .debug_info    0x0000000000000d28       0x22 ./Startup/startup_stm32f407vgtx.o

.debug_abbrev   0x0000000000000000      0x2b9
 .debug_abbrev  0x0000000000000000       0xf8 ./Src/main.o
 .debug_abbrev  0x00000000000000f8       0x47 ./Src/stm32f4xx_it.o
 .debug_abbrev  0x000000000000013f      0x168 ./Src/system_stm32f4xx.o
 .debug_abbrev  0x00000000000002a7       0x12 ./Startup/startup_stm32f407vgtx.o

.debug_aranges  0x0000000000000000       0xf0
 .debug_aranges
                0x0000000000000000       0x38 ./Src/main.o
 .debug_aranges
                0x0000000000000038       0x60 ./Src/stm32f4xx_it.o
 .debug_aranges
                0x0000000000000098       0x30 ./Src/system_stm32f4xx.o
 .debug_aranges
                0x00000000000000c8       0x28 ./Startup/startup_stm32f407vgtx.o

.debug_ranges   0x0000000000000000       0xb8
 .debug_ranges  0x0000000000000000       0x28 ./Src/main.o
 .debug_ranges  0x0000000000000028       0x50 ./Src/stm32f4xx_it.o
 .debug_ranges  0x0000000000000078       0x20 ./Src/system_stm32f4xx.o
 .debug_ranges  0x0000000000000098       0x20 ./Startup/startup_stm32f407vgtx.o

.debug_macro    0x0000000000000000     0xf3de
 .debug_macro   0x0000000000000000      0x1c9 ./Src/main.o
 .debug_macro   0x00000000000001c9      0xa8a ./Src/main.o
 .debug_macro   0x0000000000000c53       0x65 ./Src/main.o
 .debug_macro   0x0000000000000cb8       0x3b ./Src/main.o
 .debug_macro   0x0000000000000cf3       0x22 ./Src/main.o
 .debug_macro   0x0000000000000d15       0x8e ./Src/main.o
 .debug_macro   0x0000000000000da3       0x51 ./Src/main.o
 .debug_macro   0x0000000000000df4      0x103 ./Src/main.o
 .debug_macro   0x0000000000000ef7       0x6a ./Src/main.o
 .debug_macro   0x0000000000000f61      0x1df ./Src/main.o
 .debug_macro   0x0000000000001140       0x34 ./Src/main.o
 .debug_macro   0x0000000000001174       0x26 ./Src/main.o
 .debug_macro   0x000000000000119a      0xe43 ./Src/main.o
 .debug_macro   0x0000000000001fdd     0x91ad ./Src/main.o
 .debug_macro   0x000000000000b18a      0x44f ./Src/main.o
 .debug_macro   0x000000000000b5d9       0xb2 ./Src/main.o
 .debug_macro   0x000000000000b68b      0x477 ./Src/main.o
 .debug_macro   0x000000000000bb02       0xb5 ./Src/main.o
 .debug_macro   0x000000000000bbb7      0x41c ./Src/main.o
 .debug_macro   0x000000000000bfd3      0x2fb ./Src/main.o
 .debug_macro   0x000000000000c2ce      0x2ba ./Src/main.o
 .debug_macro   0x000000000000c588       0x64 ./Src/main.o
 .debug_macro   0x000000000000c5ec       0xee ./Src/main.o
 .debug_macro   0x000000000000c6da      0x65f ./Src/main.o
 .debug_macro   0x000000000000cd39      0x59e ./Src/main.o
 .debug_macro   0x000000000000d2d7      0x342 ./Src/main.o
 .debug_macro   0x000000000000d619      0x36c ./Src/main.o
 .debug_macro   0x000000000000d985      0x114 ./Src/main.o
 .debug_macro   0x000000000000da99      0x73b ./Src/main.o
 .debug_macro   0x000000000000e1d4      0x223 ./Src/main.o
 .debug_macro   0x000000000000e3f7       0x34 ./Src/main.o
 .debug_macro   0x000000000000e42b       0x82 ./Src/main.o
 .debug_macro   0x000000000000e4ad      0x144 ./Src/main.o
 .debug_macro   0x000000000000e5f1       0xc3 ./Src/main.o
 .debug_macro   0x000000000000e6b4       0x40 ./Src/main.o
 .debug_macro   0x000000000000e6f4      0x3cf ./Src/main.o
 .debug_macro   0x000000000000eac3      0x188 ./Src/main.o
 .debug_macro   0x000000000000ec4b      0x149 ./Src/main.o
 .debug_macro   0x000000000000ed94      0x279 ./Src/main.o
 .debug_macro   0x000000000000f00d       0x35 ./Src/main.o
 .debug_macro   0x000000000000f042      0x1c1 ./Src/stm32f4xx_it.o
 .debug_macro   0x000000000000f203      0x1db ./Src/system_stm32f4xx.o

.debug_line     0x0000000000000000     0x186f
 .debug_line    0x0000000000000000      0x7ac ./Src/main.o
 .debug_line    0x00000000000007ac      0x7c2 ./Src/stm32f4xx_it.o
 .debug_line    0x0000000000000f6e      0x87d ./Src/system_stm32f4xx.o
 .debug_line    0x00000000000017eb       0x84 ./Startup/startup_stm32f407vgtx.o

.debug_str      0x0000000000000000    0x603d5
 .debug_str     0x0000000000000000    0x60188 ./Src/main.o
                                      0x60323 (size before relaxing)
 .debug_str     0x0000000000060188       0xb8 ./Src/stm32f4xx_it.o
                                      0x6011b (size before relaxing)
 .debug_str     0x0000000000060240      0x164 ./Src/system_stm32f4xx.o
                                      0x6031d (size before relaxing)
 .debug_str     0x00000000000603a4       0x31 ./Startup/startup_stm32f407vgtx.o
                                         0x5b (size before relaxing)

.comment        0x0000000000000000       0x50
 .comment       0x0000000000000000       0x50 ./Src/main.o
                                         0x51 (size before relaxing)
 .comment       0x0000000000000050       0x51 ./Src/stm32f4xx_it.o
 .comment       0x0000000000000050       0x51 ./Src/system_stm32f4xx.o

.debug_frame    0x0000000000000000      0x24c
 .debug_frame   0x0000000000000000       0x94 ./Src/main.o
 .debug_frame   0x0000000000000094      0x110 ./Src/stm32f4xx_it.o
 .debug_frame   0x00000000000001a4       0x7c ./Src/system_stm32f4xx.o
 .debug_frame   0x0000000000000220       0x2c /opt/st/stm32cubeide_1.12.0/plugins/com.st.stm32cube.ide.mcu.externaltools.gnu-tools-for-stm32.10.3-2021.10.linux64_1.0.200.202301161003/tools/bin/../lib/gcc/arm-none-eabi/10.3.1/../../../../arm-none-eabi/lib/thumb/v7e-m+fp/hard/libc_nano.a(lib_a-init.o)
